Java HotSpot(TM) 64-Bit Server VM (25.102-b14) for linux-amd64 JRE (1.8.0_102-b14), built on Jun 22 2016 18:43:17 by "java_re" with gcc 4.3.0 20080428 (Red Hat 4.3.0-8)
Memory: 4k page, physical 98947348k(27787796k free), swap 16383996k(16181456k free)
CommandLine flags: -XX:CMSInitiatingOccupancyFraction=70 -XX:+HeapDumpOnOutOfMemoryError -XX:HeapDumpPath=/home/logs/hubbleV3-storm/gclog/ -XX:InitialHeapSize=3221225472 -XX:MaxHeapSize=3221225472 -XX:MaxNewSize=805306368 -XX:MaxTenuringThreshold=6 -XX:NewSize=805306368 -XX:OldPLABSize=16 -XX:+PrintGC -XX:+PrintGCApplicationStoppedTime -XX:+PrintGCDateStamps -XX:+PrintGCDetails -XX:+PrintGCTimeStamps -XX:ThreadStackSize=256 -XX:+UseCMSInitiatingOccupancyOnly -XX:+UseCompressedClassPointers -XX:+UseCompressedOops -XX:+UseConcMarkSweepGC -XX:+UseParNewGC 
2023-02-21T11:35:54.264+0800: 4.887: [GC (CMS Initial Mark) [1 CMS-initial-mark: 0K(2359296K)] 314625K(3067136K), 0.0848424 secs] [Times: user=0.27 sys=0.00, real=0.08 secs] 
2023-02-21T11:35:54.349+0800: 4.972: [CMS-concurrent-mark-start]
2023-02-21T11:35:54.350+0800: 4.973: [CMS-concurrent-mark: 0.001/0.001 secs] [Times: user=0.01 sys=0.00, real=0.00 secs] 
2023-02-21T11:35:54.350+0800: 4.973: [CMS-concurrent-preclean-start]
2023-02-21T11:35:54.356+0800: 4.979: [CMS-concurrent-preclean: 0.006/0.006 secs] [Times: user=0.03 sys=0.00, real=0.01 secs] 
2023-02-21T11:35:54.357+0800: 4.980: [CMS-concurrent-abortable-preclean-start]
2023-02-21T11:35:56.432+0800: 7.054: [GC (Allocation Failure) 2023-02-21T11:35:56.432+0800: 7.054: [ParNew: 629248K->44243K(707840K), 0.0588960 secs] 629248K->44243K(3067136K), 0.0590514 secs] [Times: user=0.57 sys=0.08, real=0.06 secs] 
 CMS: abort preclean due to time 2023-02-21T11:35:59.762+0800: 10.385: [CMS-concurrent-abortable-preclean: 3.341/5.405 secs] [Times: user=19.75 sys=0.77, real=5.40 secs] 
2023-02-21T11:35:59.763+0800: 10.385: [GC (CMS Final Remark) [YG occupancy: 276886 K (707840 K)]2023-02-21T11:35:59.763+0800: 10.385: [Rescan (parallel) , 0.0125257 secs]2023-02-21T11:35:59.775+0800: 10.398: [weak refs processing, 0.0000418 secs]2023-02-21T11:35:59.775+0800: 10.398: [class unloading, 0.0084735 secs]2023-02-21T11:35:59.784+0800: 10.406: [scrub symbol table, 0.0036868 secs]2023-02-21T11:35:59.787+0800: 10.410: [scrub string table, 0.0008277 secs][1 CMS-remark: 0K(2359296K)] 276886K(3067136K), 0.0277877 secs] [Times: user=0.20 sys=0.01, real=0.03 secs] 
2023-02-21T11:35:59.791+0800: 10.413: [CMS-concurrent-sweep-start]
2023-02-21T11:35:59.791+0800: 10.413: [CMS-concurrent-sweep: 0.000/0.000 secs] [Times: user=0.00 sys=0.00, real=0.00 secs] 
2023-02-21T11:35:59.791+0800: 10.413: [CMS-concurrent-reset-start]
2023-02-21T11:35:59.802+0800: 10.424: [CMS-concurrent-reset: 0.011/0.011 secs] [Times: user=0.02 sys=0.01, real=0.01 secs] 
2023-02-21T11:36:11.526+0800: 22.149: [GC (Allocation Failure) 2023-02-21T11:36:11.526+0800: 22.149: [ParNew: 673491K->61800K(707840K), 0.5468109 secs] 673491K->90383K(3067136K), 0.5470463 secs] [Times: user=0.97 sys=0.06, real=0.55 secs] 
2023-02-21T11:36:12.103+0800: 22.725: [GC (CMS Initial Mark) [1 CMS-initial-mark: 28582K(2359296K)] 186746K(3067136K), 0.0119316 secs] [Times: user=0.04 sys=0.00, real=0.01 secs] 
2023-02-21T11:36:12.115+0800: 22.738: [CMS-concurrent-mark-start]
2023-02-21T11:36:12.258+0800: 22.880: [CMS-concurrent-mark: 0.117/0.143 secs] [Times: user=0.42 sys=0.01, real=0.15 secs] 
2023-02-21T11:36:12.258+0800: 22.880: [CMS-concurrent-preclean-start]
2023-02-21T11:36:12.268+0800: 22.891: [CMS-concurrent-preclean: 0.010/0.010 secs] [Times: user=0.04 sys=0.00, real=0.01 secs] 
2023-02-21T11:36:12.268+0800: 22.891: [CMS-concurrent-abortable-preclean-start]
 CMS: abort preclean due to time 2023-02-21T11:36:17.482+0800: 28.104: [CMS-concurrent-abortable-preclean: 4.526/5.214 secs] [Times: user=25.51 sys=0.47, real=5.21 secs] 
2023-02-21T11:36:17.483+0800: 28.105: [GC (CMS Final Remark) [YG occupancy: 575015 K (707840 K)]2023-02-21T11:36:17.483+0800: 28.105: [Rescan (parallel) , 0.3011680 secs]2023-02-21T11:36:17.784+0800: 28.406: [weak refs processing, 0.0000806 secs]2023-02-21T11:36:17.784+0800: 28.407: [class unloading, 0.0444714 secs]2023-02-21T11:36:17.829+0800: 28.451: [scrub symbol table, 0.0343275 secs]2023-02-21T11:36:17.863+0800: 28.486: [scrub string table, 0.0016899 secs][1 CMS-remark: 28582K(2359296K)] 603598K(3067136K), 0.3910376 secs] [Times: user=1.99 sys=0.02, real=0.40 secs] 
2023-02-21T11:36:17.879+0800: 28.501: [CMS-concurrent-sweep-start]
2023-02-21T11:36:17.906+0800: 28.528: [CMS-concurrent-sweep: 0.027/0.027 secs] [Times: user=0.12 sys=0.00, real=0.02 secs] 
2023-02-21T11:36:17.906+0800: 28.529: [CMS-concurrent-reset-start]
2023-02-21T11:36:17.912+0800: 28.534: [CMS-concurrent-reset: 0.006/0.006 secs] [Times: user=0.02 sys=0.00, real=0.01 secs]