[2024-01-03T15:15:03.556+0800][gc,init] Initializing The Z Garbage Collector
[2024-01-03T15:15:03.556+0800][gc,init] Version: 17.0.9+11-LTS (release)
[2024-01-03T15:15:03.556+0800][gc,init] NUMA Support: Disabled
[2024-01-03T15:15:03.556+0800][gc,init] CPUs: 8 total, 8 available
[2024-01-03T15:15:03.556+0800][gc,init] Memory: 16384M
[2024-01-03T15:15:03.556+0800][gc,init] Large Page Support: Disabled
[2024-01-03T15:15:03.556+0800][gc,init] GC Workers: 2 (dynamic)
[2024-01-03T15:15:03.556+0800][gc,init] Address Space Type: Contiguous/Unrestricted/Complete
[2024-01-03T15:15:03.556+0800][gc,init] Address Space Size: 65536M x 3 = 196608M
[2024-01-03T15:15:03.556+0800][gc,init] Min Capacity: 8M
[2024-01-03T15:15:03.556+0800][gc,init] Initial Capacity: 256M
[2024-01-03T15:15:03.556+0800][gc,init] Max Capacity: 4096M
[2024-01-03T15:15:03.556+0800][gc,init] Medium Page Size: 32M
[2024-01-03T15:15:03.556+0800][gc,init] Pre-touch: Disabled
[2024-01-03T15:15:03.556+0800][gc,init] Uncommit: Enabled
[2024-01-03T15:15:03.556+0800][gc,init] Uncommit Delay: 300s
[2024-01-03T15:15:03.557+0800][gc,init] Runtime Workers: 5
[2024-01-03T15:15:03.557+0800][gc     ] Using The Z Garbage Collector
[2024-01-03T15:15:03.577+0800][gc,metaspace] CDS archive(s) mapped at: [0x000000e000000000-0x000000e000b9c000-0x000000e000b9c000), size 12173312, SharedBaseAddress: 0x000000e000000000, ArchiveRelocationMode: 1.
[2024-01-03T15:15:03.577+0800][gc,metaspace] Compressed class space mapped at: 0x000000e001000000-0x000000e041000000, reserved size: 1073741824
[2024-01-03T15:15:03.577+0800][gc,metaspace] Narrow klass base: 0x000000e000000000, Narrow klass shift: 0, Narrow klass range: 0x100000000
[2024-01-03T15:15:08.990+0800][gc,start    ] GC(0) Garbage Collection (Warmup)
[2024-01-03T15:15:08.990+0800][gc,task     ] GC(0) Using 2 workers
[2024-01-03T15:15:08.991+0800][gc,phases   ] GC(0) Pause Mark Start 0.032ms
[2024-01-03T15:15:09.015+0800][gc,phases   ] GC(0) Concurrent Mark 23.949ms
[2024-01-03T15:15:09.015+0800][gc,phases   ] GC(0) Pause Mark End 0.013ms
[2024-01-03T15:15:09.015+0800][gc,phases   ] GC(0) Concurrent Mark Free 0.001ms
[2024-01-03T15:15:09.016+0800][gc,phases   ] GC(0) Concurrent Process Non-Strong References 0.428ms
[2024-01-03T15:15:09.016+0800][gc,phases   ] GC(0) Concurrent Reset Relocation Set 0.000ms
[2024-01-03T15:15:09.025+0800][gc,phases   ] GC(0) Concurrent Select Relocation Set 9.387ms
[2024-01-03T15:15:09.025+0800][gc,phases   ] GC(0) Pause Relocate Start 0.009ms
[2024-01-03T15:15:09.025+0800][gc,phases   ] GC(0) Concurrent Relocate 0.039ms
[2024-01-03T15:15:09.025+0800][gc,load     ] GC(0) Load: 3.77/2.75/2.28
[2024-01-03T15:15:09.025+0800][gc,mmu      ] GC(0) MMU: 2ms/98.4%, 5ms/99.4%, 10ms/99.7%, 20ms/99.8%, 50ms/99.9%, 100ms/99.9%
[2024-01-03T15:15:09.025+0800][gc,marking  ] GC(0) Mark: 2 stripe(s), 2 proactive flush(es), 1 terminate flush(es), 0 completion(s), 0 continuation(s)
[2024-01-03T15:15:09.025+0800][gc,marking  ] GC(0) Mark Stack Usage: 32M
[2024-01-03T15:15:09.025+0800][gc,nmethod  ] GC(0) NMethods: 205 registered, 0 unregistered
[2024-01-03T15:15:09.025+0800][gc,metaspace] GC(0) Metaspace: 0M used, 0M committed, 1088M reserved
[2024-01-03T15:15:09.025+0800][gc,ref      ] GC(0) Soft: 50 encountered, 0 discovered, 0 enqueued
[2024-01-03T15:15:09.025+0800][gc,ref      ] GC(0) Weak: 125 encountered, 24 discovered, 24 enqueued
[2024-01-03T15:15:09.025+0800][gc,ref      ] GC(0) Final: 0 encountered, 0 discovered, 0 enqueued
[2024-01-03T15:15:09.025+0800][gc,ref      ] GC(0) Phantom: 37 encountered, 35 discovered, 16 enqueued
[2024-01-03T15:15:09.025+0800][gc,reloc    ] GC(0) Small Pages: 206 / 412M, Empty: 0M, Relocated: 0M, In-Place: 0
[2024-01-03T15:15:09.025+0800][gc,reloc    ] GC(0) Medium Pages: 0 / 0M, Empty: 0M, Relocated: 0M, In-Place: 0
[2024-01-03T15:15:09.025+0800][gc,reloc    ] GC(0) Large Pages: 0 / 0M, Empty: 0M, Relocated: 0M, In-Place: 0
[2024-01-03T15:15:09.025+0800][gc,reloc    ] GC(0) Forwarding Usage: 0M
[2024-01-03T15:15:09.025+0800][gc,heap     ] GC(0) Min Capacity: 8M(0%)
[2024-01-03T15:15:09.025+0800][gc,heap     ] GC(0) Max Capacity: 4096M(100%)
[2024-01-03T15:15:09.026+0800][gc,heap     ] GC(0) Soft Max Capacity: 4096M(100%)
[2024-01-03T15:15:09.026+0800][gc,heap     ] GC(0)                Mark Start          Mark End        Relocate Start      Relocate End           High               Low
[2024-01-03T15:15:09.026+0800][gc,heap     ] GC(0)  Capacity:      412M (10%)         414M (10%)         416M (10%)         416M (10%)         416M (10%)         412M (10%)
[2024-01-03T15:15:09.026+0800][gc,heap     ] GC(0)      Free:     3684M (90%)        3682M (90%)        3680M (90%)        3680M (90%)        3684M (90%)        3680M (90%)
[2024-01-03T15:15:09.026+0800][gc,heap     ] GC(0)      Used:      412M (10%)         414M (10%)         416M (10%)         416M (10%)         416M (10%)         412M (10%)
[2024-01-03T15:15:09.026+0800][gc,heap     ] GC(0)      Live:         -               392M (10%)         392M (10%)         392M (10%)            -                  -
[2024-01-03T15:15:09.026+0800][gc,heap     ] GC(0) Allocated:         -                 2M (0%)            4M (0%)            4M (0%)             -                  -
[2024-01-03T15:15:09.026+0800][gc,heap     ] GC(0)   Garbage:         -                19M (0%)           19M (0%)           19M (0%)             -                  -
[2024-01-03T15:15:09.026+0800][gc,heap     ] GC(0) Reclaimed:         -                  -                 0M (0%)            0M (0%)             -                  -
[2024-01-03T15:15:09.026+0800][gc          ] GC(0) Garbage Collection (Warmup) 412M(10%)->416M(10%)
[2024-01-03T15:15:13.592+0800][gc,stats    ] === Garbage Collection Statistics =======================================================================================================================
[2024-01-03T15:15:13.593+0800][gc,stats    ]                                                              Last 10s              Last 10m              Last 10h                Total
[2024-01-03T15:15:13.593+0800][gc,stats    ]                                                              Avg / Max             Avg / Max             Avg / Max             Avg / Max
[2024-01-03T15:15:13.593+0800][gc,stats    ]   Collector: Garbage Collection Cycle                     35.033 / 35.033       35.033 / 35.033       35.033 / 35.033       35.033 / 35.033      ms
[2024-01-03T15:15:13.593+0800][gc,stats    ]  Contention: Mark Segment Reset Contention                     0 / 0                 0 / 0                 0 / 0                 0 / 0           ops/s
[2024-01-03T15:15:13.593+0800][gc,stats    ]  Contention: Mark SeqNum Reset Contention                      0 / 0                 0 / 0                 0 / 0                 0 / 0           ops/s
[2024-01-03T15:15:13.593+0800][gc,stats    ]    Critical: Allocation Stall                                  0 / 0                 0 / 0                 0 / 0                 0 / 0           ops/s
[2024-01-03T15:15:13.593+0800][gc,stats    ]    Critical: Allocation Stall                              0.000 / 0.000         0.000 / 0.000         0.000 / 0.000         0.000 / 0.000       ms
[2024-01-03T15:15:13.593+0800][gc,stats    ]    Critical: GC Locker Stall                                   0 / 0                 0 / 0                 0 / 0                 0 / 0           ops/s
[2024-01-03T15:15:13.593+0800][gc,stats    ]    Critical: GC Locker Stall                               0.000 / 0.000         0.000 / 0.000         0.000 / 0.000         0.000 / 0.000       ms
[2024-01-03T15:15:13.593+0800][gc,stats    ]    Critical: Relocation Stall                                  0 / 0                 0 / 0                 0 / 0                 0 / 0           ops/s
[2024-01-03T15:15:13.593+0800][gc,stats    ]    Critical: Relocation Stall                              0.000 / 0.000         0.000 / 0.000         0.000 / 0.000         0.000 / 0.000       ms
[2024-01-03T15:15:13.593+0800][gc,stats    ]      Memory: Allocation Rate                                  76 / 78               76 / 78               76 / 78               76 / 78          MB/s
[2024-01-03T15:15:13.593+0800][gc,stats    ]      Memory: Out Of Memory                                     0 / 0                 0 / 0                 0 / 0                 0 / 0           ops/s
[2024-01-03T15:15:13.593+0800][gc,stats    ]      Memory: Page Cache Flush                                  0 / 0                 0 / 0                 0 / 0                 0 / 0           MB/s
[2024-01-03T15:15:13.593+0800][gc,stats    ]      Memory: Page Cache Hit L1                                 0 / 1                 0 / 1                 0 / 1                 0 / 1           ops/s
[2024-01-03T15:15:13.593+0800][gc,stats    ]      Memory: Page Cache Hit L2                                 0 / 0                 0 / 0                 0 / 0                 0 / 0           ops/s
[2024-01-03T15:15:13.593+0800][gc,stats    ]      Memory: Page Cache Hit L3                                12 / 40               12 / 40               12 / 40               12 / 40          ops/s
[2024-01-03T15:15:13.593+0800][gc,stats    ]      Memory: Page Cache Miss                                  25 / 39               25 / 39               25 / 39               25 / 39          ops/s
[2024-01-03T15:15:13.593+0800][gc,stats    ]      Memory: Uncommit                                          0 / 0                 0 / 0                 0 / 0                 0 / 0           MB/s
[2024-01-03T15:15:13.593+0800][gc,stats    ]      Memory: Undo Object Allocation Failed                     0 / 0                 0 / 0                 0 / 0                 0 / 0           ops/s
[2024-01-03T15:15:13.593+0800][gc,stats    ]      Memory: Undo Object Allocation Succeeded                  0 / 0                 0 / 0                 0 / 0                 0 / 0           ops/s
[2024-01-03T15:15:13.593+0800][gc,stats    ]      Memory: Undo Page Allocation                              0 / 0                 0 / 0                 0 / 0                 0 / 0           ops/s
[2024-01-03T15:15:13.593+0800][gc,stats    ]       Phase: Concurrent Mark                              23.949 / 23.949       23.949 / 23.949       23.949 / 23.949       23.949 / 23.949      ms
[2024-01-03T15:15:13.593+0800][gc,stats    ]       Phase: Concurrent Mark Continue                      0.000 / 0.000         0.000 / 0.000         0.000 / 0.000         0.000 / 0.000       ms
[2024-01-03T15:15:13.593+0800][gc,stats    ]       Phase: Concurrent Mark Free                          0.001 / 0.001         0.001 / 0.001         0.001 / 0.001         0.001 / 0.001       ms
[2024-01-03T15:15:13.593+0800][gc,stats    ]       Phase: Concurrent Process Non-Strong References      0.428 / 0.428         0.428 / 0.428         0.428 / 0.428         0.428 / 0.428       ms
[2024-01-03T15:15:13.593+0800][gc,stats    ]       Phase: Concurrent Relocate                           0.039 / 0.039         0.039 / 0.039         0.039 / 0.039         0.039 / 0.039       ms
[2024-01-03T15:15:13.593+0800][gc,stats    ]       Phase: Concurrent Reset Relocation Set               0.000 / 0.000         0.000 / 0.000         0.000 / 0.000         0.000 / 0.000       ms
[2024-01-03T15:15:13.593+0800][gc,stats    ]       Phase: Concurrent Select Relocation Set              9.387 / 9.387         9.387 / 9.387         9.387 / 9.387         9.387 / 9.387       ms
[2024-01-03T15:15:13.593+0800][gc,stats    ]       Phase: Pause Mark End                                0.013 / 0.013         0.013 / 0.013         0.013 / 0.013         0.013 / 0.013       ms
[2024-01-03T15:15:13.593+0800][gc,stats    ]       Phase: Pause Mark Start                              0.032 / 0.032         0.032 / 0.032         0.032 / 0.032         0.032 / 0.032       ms
[2024-01-03T15:15:13.594+0800][gc,stats    ]       Phase: Pause Relocate Start                          0.009 / 0.009         0.009 / 0.009         0.009 / 0.009         0.009 / 0.009       ms
[2024-01-03T15:15:13.594+0800][gc,stats    ]    Subphase: Concurrent Classes Purge                      0.015 / 0.015         0.015 / 0.015         0.015 / 0.015         0.015 / 0.015       ms
[2024-01-03T15:15:13.594+0800][gc,stats    ]    Subphase: Concurrent Classes Unlink                     0.296 / 0.296         0.296 / 0.296         0.296 / 0.296         0.296 / 0.296       ms
[2024-01-03T15:15:13.594+0800][gc,stats    ]    Subphase: Concurrent Mark                              22.177 / 22.567       22.177 / 22.567       22.177 / 22.567       22.177 / 22.567      ms
[2024-01-03T15:15:13.594+0800][gc,stats    ]    Subphase: Concurrent Mark Try Flush                     0.056 / 0.089         0.056 / 0.089         0.056 / 0.089         0.056 / 0.089       ms
[2024-01-03T15:15:13.594+0800][gc,stats    ]    Subphase: Concurrent Mark Try Terminate                 1.094 / 1.526         1.094 / 1.526         1.094 / 1.526         1.094 / 1.526       ms
[2024-01-03T15:15:13.594+0800][gc,stats    ]    Subphase: Concurrent References Enqueue                 0.004 / 0.004         0.004 / 0.004         0.004 / 0.004         0.004 / 0.004       ms
[2024-01-03T15:15:13.594+0800][gc,stats    ]    Subphase: Concurrent References Process                 0.031 / 0.031         0.031 / 0.031         0.031 / 0.031         0.031 / 0.031       ms
[2024-01-03T15:15:13.594+0800][gc,stats    ]    Subphase: Concurrent Roots ClassLoaderDataGraph         0.085 / 0.169         0.085 / 0.169         0.085 / 0.169         0.085 / 0.169       ms
[2024-01-03T15:15:13.594+0800][gc,stats    ]    Subphase: Concurrent Roots CodeCache                    0.000 / 0.000         0.000 / 0.000         0.000 / 0.000         0.000 / 0.000       ms
[2024-01-03T15:15:13.594+0800][gc,stats    ]    Subphase: Concurrent Roots JavaThreads                  0.682 / 0.993         0.682 / 0.993         0.682 / 0.993         0.682 / 0.993       ms
[2024-01-03T15:15:13.594+0800][gc,stats    ]    Subphase: Concurrent Roots OopStorageSet                0.137 / 0.199         0.137 / 0.199         0.137 / 0.199         0.137 / 0.199       ms
[2024-01-03T15:15:13.594+0800][gc,stats    ]    Subphase: Concurrent Weak Roots OopStorageSet           0.049 / 0.049         0.049 / 0.049         0.049 / 0.049         0.049 / 0.049       ms
[2024-01-03T15:15:13.594+0800][gc,stats    ]    Subphase: Pause Mark Try Complete                       0.000 / 0.000         0.000 / 0.000         0.000 / 0.000         0.000 / 0.000       ms
[2024-01-03T15:15:13.594+0800][gc,stats    ]      System: Java Threads                                     13 / 13               13 / 13               13 / 13               13 / 13          threads
[2024-01-03T15:15:13.594+0800][gc,stats    ] =========================================================================================================================================================
[2024-01-03T15:15:14.389+0800][gc,start    ] GC(1) Garbage Collection (Warmup)
[2024-01-03T15:15:14.390+0800][gc,task     ] GC(1) Using 2 workers
[2024-01-03T15:15:14.390+0800][gc,phases   ] GC(1) Pause Mark Start 0.014ms
[2024-01-03T15:15:14.418+0800][gc,phases   ] GC(1) Concurrent Mark 27.727ms
[2024-01-03T15:15:14.418+0800][gc,phases   ] GC(1) Pause Mark End 0.015ms
[2024-01-03T15:15:14.418+0800][gc,phases   ] GC(1) Concurrent Mark Free 0.001ms
[2024-01-03T15:15:14.418+0800][gc,phases   ] GC(1) Concurrent Process Non-Strong References 0.363ms
[2024-01-03T15:15:14.418+0800][gc,phases   ] GC(1) Concurrent Reset Relocation Set 0.001ms
[2024-01-03T15:15:14.426+0800][gc,phases   ] GC(1) Concurrent Select Relocation Set 7.476ms
[2024-01-03T15:15:14.426+0800][gc,phases   ] GC(1) Pause Relocate Start 0.010ms
[2024-01-03T15:15:14.426+0800][gc,phases   ] GC(1) Concurrent Relocate 0.026ms
[2024-01-03T15:15:14.426+0800][gc,load     ] GC(1) Load: 4.27/2.88/2.33
[2024-01-03T15:15:14.426+0800][gc,mmu      ] GC(1) MMU: 2ms/98.4%, 5ms/99.4%, 10ms/99.7%, 20ms/99.8%, 50ms/99.9%, 100ms/99.9%
[2024-01-03T15:15:14.426+0800][gc,marking  ] GC(1) Mark: 2 stripe(s), 2 proactive flush(es), 1 terminate flush(es), 0 completion(s), 0 continuation(s)
[2024-01-03T15:15:14.426+0800][gc,marking  ] GC(1) Mark Stack Usage: 32M
[2024-01-03T15:15:14.426+0800][gc,nmethod  ] GC(1) NMethods: 206 registered, 0 unregistered
[2024-01-03T15:15:14.426+0800][gc,metaspace] GC(1) Metaspace: 0M used, 0M committed, 1088M reserved
[2024-01-03T15:15:14.426+0800][gc,ref      ] GC(1) Soft: 50 encountered, 0 discovered, 0 enqueued
[2024-01-03T15:15:14.426+0800][gc,ref      ] GC(1) Weak: 101 encountered, 3 discovered, 0 enqueued
[2024-01-03T15:15:14.426+0800][gc,ref      ] GC(1) Final: 0 encountered, 0 discovered, 0 enqueued
[2024-01-03T15:15:14.426+0800][gc,ref      ] GC(1) Phantom: 21 encountered, 19 discovered, 0 enqueued
[2024-01-03T15:15:14.426+0800][gc,reloc    ] GC(1) Small Pages: 411 / 822M, Empty: 0M, Relocated: 0M, In-Place: 0
[2024-01-03T15:15:14.426+0800][gc,reloc    ] GC(1) Medium Pages: 0 / 0M, Empty: 0M, Relocated: 0M, In-Place: 0
[2024-01-03T15:15:14.426+0800][gc,reloc    ] GC(1) Large Pages: 0 / 0M, Empty: 0M, Relocated: 0M, In-Place: 0
[2024-01-03T15:15:14.426+0800][gc,reloc    ] GC(1) Forwarding Usage: 0M
[2024-01-03T15:15:14.426+0800][gc,heap     ] GC(1) Min Capacity: 8M(0%)
[2024-01-03T15:15:14.426+0800][gc,heap     ] GC(1) Max Capacity: 4096M(100%)
[2024-01-03T15:15:14.426+0800][gc,heap     ] GC(1) Soft Max Capacity: 4096M(100%)
[2024-01-03T15:15:14.426+0800][gc,heap     ] GC(1)                Mark Start          Mark End        Relocate Start      Relocate End           High               Low
[2024-01-03T15:15:14.426+0800][gc,heap     ] GC(1)  Capacity:      822M (20%)         826M (20%)         826M (20%)         826M (20%)         826M (20%)         822M (20%)
[2024-01-03T15:15:14.426+0800][gc,heap     ] GC(1)      Free:     3274M (80%)        3270M (80%)        3270M (80%)        3270M (80%)        3274M (80%)        3270M (80%)
[2024-01-03T15:15:14.426+0800][gc,heap     ] GC(1)      Used:      822M (20%)         826M (20%)         826M (20%)         826M (20%)         826M (20%)         822M (20%)
[2024-01-03T15:15:14.426+0800][gc,heap     ] GC(1)      Live:         -               784M (19%)         784M (19%)         784M (19%)            -                  -
[2024-01-03T15:15:14.426+0800][gc,heap     ] GC(1) Allocated:         -                 4M (0%)            4M (0%)            4M (0%)             -                  -
[2024-01-03T15:15:14.426+0800][gc,heap     ] GC(1)   Garbage:         -                37M (1%)           37M (1%)           37M (1%)             -                  -
[2024-01-03T15:15:14.426+0800][gc,heap     ] GC(1) Reclaimed:         -                  -                 0M (0%)            0M (0%)             -                  -
[2024-01-03T15:15:14.426+0800][gc          ] GC(1) Garbage Collection (Warmup) 822M(20%)->826M(20%)
[2024-01-03T15:15:19.790+0800][gc,start    ] GC(2) Garbage Collection (Warmup)
[2024-01-03T15:15:19.790+0800][gc,task     ] GC(2) Using 2 workers
[2024-01-03T15:15:19.790+0800][gc,phases   ] GC(2) Pause Mark Start 0.013ms
[2024-01-03T15:15:19.814+0800][gc,phases   ] GC(2) Concurrent Mark 23.853ms
[2024-01-03T15:15:19.814+0800][gc,phases   ] GC(2) Pause Mark End 0.012ms
[2024-01-03T15:15:19.814+0800][gc,phases   ] GC(2) Concurrent Mark Free 0.001ms
[2024-01-03T15:15:19.815+0800][gc,phases   ] GC(2) Concurrent Process Non-Strong References 0.319ms
[2024-01-03T15:15:19.815+0800][gc,phases   ] GC(2) Concurrent Reset Relocation Set 0.000ms
[2024-01-03T15:15:19.818+0800][gc,phases   ] GC(2) Concurrent Select Relocation Set 3.519ms
[2024-01-03T15:15:19.818+0800][gc,phases   ] GC(2) Pause Relocate Start 0.010ms
[2024-01-03T15:15:19.820+0800][gc,phases   ] GC(2) Concurrent Relocate 1.343ms
[2024-01-03T15:15:19.820+0800][gc,load     ] GC(2) Load: 3.93/2.83/2.31
[2024-01-03T15:15:19.820+0800][gc,mmu      ] GC(2) MMU: 2ms/98.4%, 5ms/99.4%, 10ms/99.7%, 20ms/99.8%, 50ms/99.9%, 100ms/99.9%
[2024-01-03T15:15:19.820+0800][gc,marking  ] GC(2) Mark: 2 stripe(s), 2 proactive flush(es), 1 terminate flush(es), 0 completion(s), 0 continuation(s)
[2024-01-03T15:15:19.820+0800][gc,marking  ] GC(2) Mark Stack Usage: 32M
[2024-01-03T15:15:19.820+0800][gc,nmethod  ] GC(2) NMethods: 206 registered, 0 unregistered
[2024-01-03T15:15:19.820+0800][gc,metaspace] GC(2) Metaspace: 0M used, 0M committed, 1088M reserved
[2024-01-03T15:15:19.820+0800][gc,ref      ] GC(2) Soft: 50 encountered, 0 discovered, 0 enqueued
[2024-01-03T15:15:19.820+0800][gc,ref      ] GC(2) Weak: 101 encountered, 1 discovered, 0 enqueued
[2024-01-03T15:15:19.820+0800][gc,ref      ] GC(2) Final: 0 encountered, 0 discovered, 0 enqueued
[2024-01-03T15:15:19.820+0800][gc,ref      ] GC(2) Phantom: 21 encountered, 19 discovered, 0 enqueued
[2024-01-03T15:15:19.820+0800][gc,reloc    ] GC(2) Small Pages: 617 / 1234M, Empty: 0M, Relocated: 1M, In-Place: 0
[2024-01-03T15:15:19.820+0800][gc,reloc    ] GC(2) Medium Pages: 0 / 0M, Empty: 0M, Relocated: 0M, In-Place: 0
[2024-01-03T15:15:19.820+0800][gc,reloc    ] GC(2) Large Pages: 0 / 0M, Empty: 0M, Relocated: 0M, In-Place: 0
[2024-01-03T15:15:19.820+0800][gc,reloc    ] GC(2) Forwarding Usage: 0M
[2024-01-03T15:15:19.820+0800][gc,heap     ] GC(2) Min Capacity: 8M(0%)
[2024-01-03T15:15:19.820+0800][gc,heap     ] GC(2) Max Capacity: 4096M(100%)
[2024-01-03T15:15:19.820+0800][gc,heap     ] GC(2) Soft Max Capacity: 4096M(100%)
[2024-01-03T15:15:19.820+0800][gc,heap     ] GC(2)                Mark Start          Mark End        Relocate Start      Relocate End           High               Low
[2024-01-03T15:15:19.820+0800][gc,heap     ] GC(2)  Capacity:     1234M (30%)        1236M (30%)        1236M (30%)        1240M (30%)        1240M (30%)        1234M (30%)
[2024-01-03T15:15:19.821+0800][gc,heap     ] GC(2)      Free:     2862M (70%)        2860M (70%)        2860M (70%)        2860M (70%)        2862M (70%)        2856M (70%)
[2024-01-03T15:15:19.821+0800][gc,heap     ] GC(2)      Used:     1234M (30%)        1236M (30%)        1236M (30%)        1236M (30%)        1240M (30%)        1234M (30%)
[2024-01-03T15:15:19.821+0800][gc,heap     ] GC(2)      Live:         -              1176M (29%)        1176M (29%)        1176M (29%)            -                  -
[2024-01-03T15:15:19.821+0800][gc,heap     ] GC(2) Allocated:         -                 2M (0%)            2M (0%)            2M (0%)             -                  -
[2024-01-03T15:15:19.821+0800][gc,heap     ] GC(2)   Garbage:         -                57M (1%)           57M (1%)           57M (1%)             -                  -
[2024-01-03T15:15:19.821+0800][gc,heap     ] GC(2) Reclaimed:         -                  -                 0M (0%)            0M (0%)             -                  -
[2024-01-03T15:15:19.821+0800][gc          ] GC(2) Garbage Collection (Warmup) 1234M(30%)->1236M(30%)
[2024-01-03T15:15:23.592+0800][gc,stats    ] === Garbage Collection Statistics =======================================================================================================================
[2024-01-03T15:15:23.594+0800][gc,stats    ]                                                              Last 10s              Last 10m              Last 10h                Total
[2024-01-03T15:15:23.594+0800][gc,stats    ]                                                              Avg / Max             Avg / Max             Avg / Max             Avg / Max
[2024-01-03T15:15:23.594+0800][gc,stats    ]   Collector: Garbage Collection Cycle                     33.289 / 36.452       33.870 / 36.452       33.870 / 36.452       33.870 / 36.452      ms
[2024-01-03T15:15:23.594+0800][gc,stats    ]  Contention: Mark Segment Reset Contention                     0 / 2                 0 / 2                 0 / 2                 0 / 2           ops/s
[2024-01-03T15:15:23.594+0800][gc,stats    ]  Contention: Mark SeqNum Reset Contention                      0 / 1                 0 / 1                 0 / 1                 0 / 1           ops/s
[2024-01-03T15:15:23.594+0800][gc,stats    ]    Critical: Allocation Stall                                  0 / 0                 0 / 0                 0 / 0                 0 / 0           ops/s
[2024-01-03T15:15:23.594+0800][gc,stats    ]    Critical: Allocation Stall                              0.000 / 0.000         0.000 / 0.000         0.000 / 0.000         0.000 / 0.000       ms
[2024-01-03T15:15:23.594+0800][gc,stats    ]    Critical: GC Locker Stall                                   0 / 0                 0 / 0                 0 / 0                 0 / 0           ops/s
[2024-01-03T15:15:23.594+0800][gc,stats    ]    Critical: GC Locker Stall                               0.000 / 0.000         0.000 / 0.000         0.000 / 0.000         0.000 / 0.000       ms
[2024-01-03T15:15:23.594+0800][gc,stats    ]    Critical: Relocation Stall                                  0 / 0                 0 / 0                 0 / 0                 0 / 0           ops/s
[2024-01-03T15:15:23.594+0800][gc,stats    ]    Critical: Relocation Stall                              0.000 / 0.000         0.000 / 0.000         0.000 / 0.000         0.000 / 0.000       ms
[2024-01-03T15:15:23.594+0800][gc,stats    ]      Memory: Allocation Rate                                  75 / 78               76 / 78               76 / 78               76 / 78          MB/s
[2024-01-03T15:15:23.594+0800][gc,stats    ]      Memory: Out Of Memory                                     0 / 0                 0 / 0                 0 / 0                 0 / 0           ops/s
[2024-01-03T15:15:23.594+0800][gc,stats    ]      Memory: Page Cache Flush                                  0 / 0                 0 / 0                 0 / 0                 0 / 0           MB/s
[2024-01-03T15:15:23.594+0800][gc,stats    ]      Memory: Page Cache Hit L1                                 0 / 2                 0 / 2                 0 / 2                 0 / 2           ops/s
[2024-01-03T15:15:23.594+0800][gc,stats    ]      Memory: Page Cache Hit L2                                 0 / 0                 0 / 0                 0 / 0                 0 / 0           ops/s
[2024-01-03T15:15:23.594+0800][gc,stats    ]      Memory: Page Cache Hit L3                                 0 / 0                 6 / 40                6 / 40                6 / 40          ops/s
[2024-01-03T15:15:23.594+0800][gc,stats    ]      Memory: Page Cache Miss                                  37 / 39               31 / 39               31 / 39               31 / 39          ops/s
[2024-01-03T15:15:23.594+0800][gc,stats    ]      Memory: Uncommit                                          0 / 0                 0 / 0                 0 / 0                 0 / 0           MB/s
[2024-01-03T15:15:23.594+0800][gc,stats    ]      Memory: Undo Object Allocation Failed                     0 / 0                 0 / 0                 0 / 0                 0 / 0           ops/s
[2024-01-03T15:15:23.594+0800][gc,stats    ]      Memory: Undo Object Allocation Succeeded                  0 / 0                 0 / 0                 0 / 0                 0 / 0           ops/s
[2024-01-03T15:15:23.594+0800][gc,stats    ]      Memory: Undo Page Allocation                              0 / 0                 0 / 0                 0 / 0                 0 / 0           ops/s
[2024-01-03T15:15:23.594+0800][gc,stats    ]       Phase: Concurrent Mark                              25.790 / 27.727       25.176 / 27.727       25.176 / 27.727       25.176 / 27.727      ms
[2024-01-03T15:15:23.594+0800][gc,stats    ]       Phase: Concurrent Mark Continue                      0.000 / 0.000         0.000 / 0.000         0.000 / 0.000         0.000 / 0.000       ms
[2024-01-03T15:15:23.594+0800][gc,stats    ]       Phase: Concurrent Mark Free                          0.001 / 0.001         0.001 / 0.001         0.001 / 0.001         0.001 / 0.001       ms
[2024-01-03T15:15:23.594+0800][gc,stats    ]       Phase: Concurrent Process Non-Strong References      0.341 / 0.363         0.370 / 0.428         0.370 / 0.428         0.370 / 0.428       ms
[2024-01-03T15:15:23.594+0800][gc,stats    ]       Phase: Concurrent Relocate                           0.685 / 1.343         0.469 / 1.343         0.469 / 1.343         0.469 / 1.343       ms
[2024-01-03T15:15:23.594+0800][gc,stats    ]       Phase: Concurrent Reset Relocation Set               0.001 / 0.001         0.001 / 0.001         0.001 / 0.001         0.001 / 0.001       ms
[2024-01-03T15:15:23.595+0800][gc,stats    ]       Phase: Concurrent Select Relocation Set              5.497 / 7.476         6.794 / 9.387         6.794 / 9.387         6.794 / 9.387       ms
[2024-01-03T15:15:23.595+0800][gc,stats    ]       Phase: Pause Mark End                                0.013 / 0.015         0.013 / 0.015         0.013 / 0.015         0.013 / 0.015       ms
[2024-01-03T15:15:23.595+0800][gc,stats    ]       Phase: Pause Mark Start                              0.013 / 0.014         0.020 / 0.032         0.020 / 0.032         0.020 / 0.032       ms
[2024-01-03T15:15:23.595+0800][gc,stats    ]       Phase: Pause Relocate Start                          0.010 / 0.010         0.010 / 0.010         0.010 / 0.010         0.010 / 0.010       ms
[2024-01-03T15:15:23.595+0800][gc,stats    ]    Subphase: Concurrent Classes Purge                      0.030 / 0.038         0.025 / 0.038         0.025 / 0.038         0.025 / 0.038       ms
[2024-01-03T15:15:23.595+0800][gc,stats    ]    Subphase: Concurrent Classes Unlink                     0.201 / 0.217         0.232 / 0.296         0.232 / 0.296         0.232 / 0.296       ms
[2024-01-03T15:15:23.595+0800][gc,stats    ]    Subphase: Concurrent Mark                              22.328 / 26.779       22.278 / 26.779       22.278 / 26.779       22.278 / 26.779      ms
[2024-01-03T15:15:23.595+0800][gc,stats    ]    Subphase: Concurrent Mark Try Flush                     0.036 / 0.067         0.043 / 0.089         0.043 / 0.089         0.043 / 0.089       ms
[2024-01-03T15:15:23.595+0800][gc,stats    ]    Subphase: Concurrent Mark Try Terminate                 0.638 / 1.271         0.891 / 1.526         0.891 / 1.526         0.891 / 1.526       ms
[2024-01-03T15:15:23.595+0800][gc,stats    ]    Subphase: Concurrent References Enqueue                 0.000 / 0.000         0.002 / 0.004         0.002 / 0.004         0.002 / 0.004       ms
[2024-01-03T15:15:23.595+0800][gc,stats    ]    Subphase: Concurrent References Process                 0.021 / 0.024         0.025 / 0.031         0.025 / 0.031         0.025 / 0.031       ms
[2024-01-03T15:15:23.595+0800][gc,stats    ]    Subphase: Concurrent Roots ClassLoaderDataGraph         0.070 / 0.155         0.075 / 0.169         0.075 / 0.169         0.075 / 0.169       ms
[2024-01-03T15:15:23.595+0800][gc,stats    ]    Subphase: Concurrent Roots CodeCache                    0.000 / 0.000         0.000 / 0.000         0.000 / 0.000         0.000 / 0.000       ms
[2024-01-03T15:15:23.595+0800][gc,stats    ]    Subphase: Concurrent Roots JavaThreads                  1.491 / 4.709         1.222 / 4.709         1.222 / 4.709         1.222 / 4.709       ms
[2024-01-03T15:15:23.595+0800][gc,stats    ]    Subphase: Concurrent Roots OopStorageSet                0.016 / 0.021         0.056 / 0.199         0.056 / 0.199         0.056 / 0.199       ms
[2024-01-03T15:15:23.595+0800][gc,stats    ]    Subphase: Concurrent Weak Roots OopStorageSet           0.050 / 0.058         0.050 / 0.058         0.050 / 0.058         0.050 / 0.058       ms
[2024-01-03T15:15:23.595+0800][gc,stats    ]    Subphase: Pause Mark Try Complete                       0.000 / 0.000         0.000 / 0.000         0.000 / 0.000         0.000 / 0.000       ms
[2024-01-03T15:15:23.595+0800][gc,stats    ]      System: Java Threads                                     13 / 13               13 / 13               13 / 13               13 / 13          threads
[2024-01-03T15:15:23.595+0800][gc,stats    ] =========================================================================================================================================================
[2024-01-03T15:15:23.623+0800][gc,start    ] GC(3) Garbage Collection (System.gc())
[2024-01-03T15:15:23.624+0800][gc,task     ] GC(3) Using 2 workers
[2024-01-03T15:15:23.624+0800][gc,phases   ] GC(3) Pause Mark Start 0.010ms
[2024-01-03T15:15:23.647+0800][gc,phases   ] GC(3) Concurrent Mark 22.783ms
[2024-01-03T15:15:23.647+0800][gc,phases   ] GC(3) Pause Mark End 0.015ms
[2024-01-03T15:15:23.647+0800][gc,phases   ] GC(3) Concurrent Mark Free 0.001ms
[2024-01-03T15:15:23.647+0800][gc,phases   ] GC(3) Concurrent Process Non-Strong References 0.527ms
[2024-01-03T15:15:23.647+0800][gc,phases   ] GC(3) Concurrent Reset Relocation Set 0.001ms
[2024-01-03T15:15:23.651+0800][gc,phases   ] GC(3) Concurrent Select Relocation Set 3.763ms
[2024-01-03T15:15:23.651+0800][gc,phases   ] GC(3) Pause Relocate Start 0.010ms
[2024-01-03T15:15:23.652+0800][gc,phases   ] GC(3) Concurrent Relocate 1.082ms
[2024-01-03T15:15:23.652+0800][gc,load     ] GC(3) Load: 3.94/2.85/2.32
[2024-01-03T15:15:23.652+0800][gc,mmu      ] GC(3) MMU: 2ms/98.4%, 5ms/99.4%, 10ms/99.7%, 20ms/99.8%, 50ms/99.9%, 100ms/99.9%
[2024-01-03T15:15:23.652+0800][gc,marking  ] GC(3) Mark: 2 stripe(s), 2 proactive flush(es), 1 terminate flush(es), 0 completion(s), 0 continuation(s)
[2024-01-03T15:15:23.652+0800][gc,marking  ] GC(3) Mark Stack Usage: 32M
[2024-01-03T15:15:23.652+0800][gc,nmethod  ] GC(3) NMethods: 206 registered, 0 unregistered
[2024-01-03T15:15:23.652+0800][gc,metaspace] GC(3) Metaspace: 0M used, 0M committed, 1088M reserved
[2024-01-03T15:15:23.653+0800][gc,ref      ] GC(3) Soft: 50 encountered, 0 discovered, 0 enqueued
[2024-01-03T15:15:23.653+0800][gc,ref      ] GC(3) Weak: 101 encountered, 1 discovered, 0 enqueued
[2024-01-03T15:15:23.653+0800][gc,ref      ] GC(3) Final: 0 encountered, 0 discovered, 0 enqueued
[2024-01-03T15:15:23.653+0800][gc,ref      ] GC(3) Phantom: 21 encountered, 12 discovered, 0 enqueued
[2024-01-03T15:15:23.653+0800][gc,reloc    ] GC(3) Small Pages: 762 / 1524M, Empty: 0M, Relocated: 1M, In-Place: 0
[2024-01-03T15:15:23.653+0800][gc,reloc    ] GC(3) Medium Pages: 0 / 0M, Empty: 0M, Relocated: 0M, In-Place: 0
[2024-01-03T15:15:23.653+0800][gc,reloc    ] GC(3) Large Pages: 0 / 0M, Empty: 0M, Relocated: 0M, In-Place: 0
[2024-01-03T15:15:23.653+0800][gc,reloc    ] GC(3) Forwarding Usage: 0M
[2024-01-03T15:15:23.653+0800][gc,heap     ] GC(3) Min Capacity: 8M(0%)
[2024-01-03T15:15:23.653+0800][gc,heap     ] GC(3) Max Capacity: 4096M(100%)
[2024-01-03T15:15:23.653+0800][gc,heap     ] GC(3) Soft Max Capacity: 4096M(100%)
[2024-01-03T15:15:23.653+0800][gc,heap     ] GC(3)                Mark Start          Mark End        Relocate Start      Relocate End           High               Low
[2024-01-03T15:15:23.653+0800][gc,heap     ] GC(3)  Capacity:     1524M (37%)        1526M (37%)        1526M (37%)        1530M (37%)        1530M (37%)        1524M (37%)
[2024-01-03T15:15:23.653+0800][gc,heap     ] GC(3)      Free:     2572M (63%)        2570M (63%)        2570M (63%)        2570M (63%)        2572M (63%)        2566M (63%)
[2024-01-03T15:15:23.653+0800][gc,heap     ] GC(3)      Used:     1524M (37%)        1526M (37%)        1526M (37%)        1526M (37%)        1530M (37%)        1524M (37%)
[2024-01-03T15:15:23.653+0800][gc,heap     ] GC(3)      Live:         -              1453M (35%)        1453M (35%)        1453M (35%)            -                  -
[2024-01-03T15:15:23.653+0800][gc,heap     ] GC(3) Allocated:         -                 2M (0%)            2M (0%)            2M (0%)             -                  -
[2024-01-03T15:15:23.653+0800][gc,heap     ] GC(3)   Garbage:         -                70M (2%)           70M (2%)           70M (2%)             -                  -
[2024-01-03T15:15:23.653+0800][gc,heap     ] GC(3) Reclaimed:         -                  -                 0M (0%)            0M (0%)             -                  -
[2024-01-03T15:15:23.653+0800][gc          ] GC(3) Garbage Collection (System.gc()) 1524M(37%)->1526M(37%)