[0.003s][trace][gc,heap]   Maximum heap size 4294967296
[0.003s][trace][gc,heap]   Initial heap size 268435456
[0.003s][trace][gc,heap]   Minimum heap size 6815736
[0.003s][trace][gc,heap] CMS ergo set MaxNewSize: 697942016
[0.003s][trace][gc,heap] CMS set min_heap_size: 6815736 initial_heap_size:  268435456 max_heap: 4294967296
[0.006s][debug][gc,heap] Minimum heap 8388608  Initial heap 268435456  Maximum heap 4294967296
[0.006s][trace][gc,heap] 1: Minimum young 196608  Initial young 89456640  Maximum young 697892864
[0.006s][trace][gc,heap] Minimum old 65536  Initial old 178978816  Maximum old 3597074432
[0.007s][info ][gc     ] Using Concurrent Mark Sweep
[0.007s][info ][gc,heap,coops] Heap address: 0x00000006c0000000, size: 4096 MB, Compressed Oops mode: Zero based, Oop shift amount: 3
[56.020s][info ][gc,start       ] GC(30) Pause Initial Mark
[56.021s][trace][gc,heap        ] GC(30) eden 0x00000006c0000000-0x00000006e1490000-0x00000006e1490000(558432256)
[56.021s][trace][gc,heap        ] GC(30) _eden_chunk_index=25, _eden_chunk_capacity=38341
[56.021s][trace][gc,heap        ] GC(30) _eden_chunk_array[0]=0x00000006d1f23ec0
[56.021s][trace][gc,heap        ] GC(30) _eden_chunk_array[1]=0x00000006d2994ac0
[56.021s][trace][gc,heap        ] GC(30) _eden_chunk_array[2]=0x00000006d34056c0
[56.021s][trace][gc,heap        ] GC(30) _eden_chunk_array[3]=0x00000006d3e762c0
[56.021s][trace][gc,heap        ] GC(30) _eden_chunk_array[4]=0x00000006d48e6ec0
[56.021s][trace][gc,heap        ] GC(30) _eden_chunk_array[5]=0x00000006d5357ac0
[56.021s][trace][gc,heap        ] GC(30) _eden_chunk_array[6]=0x00000006d5dc86c0
[56.021s][trace][gc,heap        ] GC(30) _eden_chunk_array[7]=0x00000006d68392c0
[56.021s][trace][gc,heap        ] GC(30) _eden_chunk_array[8]=0x00000006d72a9ec0
[56.021s][trace][gc,heap        ] GC(30) _eden_chunk_array[9]=0x00000006d7d1aac0
[56.021s][trace][gc,heap        ] GC(30) _eden_chunk_array[10]=0x00000006d878b6c0
[56.021s][trace][gc,heap        ] GC(30) _eden_chunk_array[11]=0x00000006d91fc2c0
[56.021s][trace][gc,heap        ] GC(30) _eden_chunk_array[12]=0x00000006d9c6cec0
[56.021s][trace][gc,heap        ] GC(30) _eden_chunk_array[13]=0x00000006da6ddac0
[56.021s][trace][gc,heap        ] GC(30) _eden_chunk_array[14]=0x00000006db14e6c0
[56.021s][trace][gc,heap        ] GC(30) _eden_chunk_array[15]=0x00000006dbbbf2c0
[56.021s][trace][gc,heap        ] GC(30) _eden_chunk_array[16]=0x00000006dc62fec0
[56.021s][trace][gc,heap        ] GC(30) _eden_chunk_array[17]=0x00000006dd0a0ac0
[56.021s][trace][gc,heap        ] GC(30) _eden_chunk_array[18]=0x00000006ddb116c0
[56.021s][trace][gc,heap        ] GC(30) _eden_chunk_array[19]=0x00000006de5822c0
[56.021s][trace][gc,heap        ] GC(30) _eden_chunk_array[20]=0x00000006deff2ec0
[56.021s][trace][gc,heap        ] GC(30) _eden_chunk_array[21]=0x00000006dfa63ac0
[56.021s][trace][gc,heap        ] GC(30) _eden_chunk_array[22]=0x00000006e04d46c0
[56.021s][trace][gc,heap        ] GC(30) _eden_chunk_array[23]=0x00000006e0f452c0
[56.021s][trace][gc,heap        ] GC(30) _eden_chunk_array[24]=0x00000006e1490000
[56.021s][trace][gc,heap        ] GC(30) survivor 0x00000006e1490000-0x00000006e40d4a60-0x00000006e5710000(69730304)
[56.021s][trace][gc,heap        ] GC(30) _survivor_chunk_index=0, _survivor_chunk_capacity=34048
[56.023s][info ][gc             ] GC(30) Pause Initial Mark 4007M->4007M(4029M) 2.788ms
[56.023s][info ][gc,cpu         ] GC(30) User=0.01s Sys=0.00s Real=0.00s
[56.023s][info ][gc             ] GC(30) Concurrent Mark
[56.023s][info ][gc,task        ] GC(30) Using 2 workers of 2 for marking
[56.049s][info ][gc             ] GC(30) Concurrent Mark 25.595ms
[56.049s][info ][gc,cpu         ] GC(30) User=0.04s Sys=0.01s Real=0.03s
[56.049s][info ][gc             ] GC(30) Concurrent Preclean
[56.057s][info ][gc             ] GC(30) Concurrent Preclean 7.541ms
[56.057s][info ][gc,cpu         ] GC(30) User=0.00s Sys=0.00s Real=0.01s
[56.057s][info ][gc             ] GC(30) Concurrent Abortable Preclean
[56.057s][info ][gc             ] GC(30) Concurrent Abortable Preclean 0.015ms
[56.057s][info ][gc,cpu         ] GC(30) User=0.00s Sys=0.00s Real=0.00s
[56.057s][info ][gc,start       ] GC(30) Pause Remark
[56.057s][trace][gc,heap        ] GC(30) eden 0x00000006c0000000-0x00000006e1490000-0x00000006e1490000(558432256)
[56.057s][trace][gc,heap        ] GC(30) _eden_chunk_index=25, _eden_chunk_capacity=38341
[56.057s][trace][gc,heap        ] GC(30) _eden_chunk_array[0]=0x00000006d1f23ec0
[56.057s][trace][gc,heap        ] GC(30) _eden_chunk_array[1]=0x00000006d2994ac0
[56.057s][trace][gc,heap        ] GC(30) _eden_chunk_array[2]=0x00000006d34056c0
[56.057s][trace][gc,heap        ] GC(30) _eden_chunk_array[3]=0x00000006d3e762c0
[56.057s][trace][gc,heap        ] GC(30) _eden_chunk_array[4]=0x00000006d48e6ec0
[56.057s][trace][gc,heap        ] GC(30) _eden_chunk_array[5]=0x00000006d5357ac0
[56.057s][trace][gc,heap        ] GC(30) _eden_chunk_array[6]=0x00000006d5dc86c0
[56.057s][trace][gc,heap        ] GC(30) _eden_chunk_array[7]=0x00000006d68392c0
[56.057s][trace][gc,heap        ] GC(30) _eden_chunk_array[8]=0x00000006d72a9ec0
[56.057s][trace][gc,heap        ] GC(30) _eden_chunk_array[9]=0x00000006d7d1aac0
[56.057s][trace][gc,heap        ] GC(30) _eden_chunk_array[10]=0x00000006d878b6c0
[56.057s][trace][gc,heap        ] GC(30) _eden_chunk_array[11]=0x00000006d91fc2c0
[56.057s][trace][gc,heap        ] GC(30) _eden_chunk_array[12]=0x00000006d9c6cec0
[56.057s][trace][gc,heap        ] GC(30) _eden_chunk_array[13]=0x00000006da6ddac0
[56.057s][trace][gc,heap        ] GC(30) _eden_chunk_array[14]=0x00000006db14e6c0
[56.057s][trace][gc,heap        ] GC(30) _eden_chunk_array[15]=0x00000006dbbbf2c0
[56.057s][trace][gc,heap        ] GC(30) _eden_chunk_array[16]=0x00000006dc62fec0
[56.057s][trace][gc,heap        ] GC(30) _eden_chunk_array[17]=0x00000006dd0a0ac0
[56.057s][trace][gc,heap        ] GC(30) _eden_chunk_array[18]=0x00000006ddb116c0
[56.057s][trace][gc,heap        ] GC(30) _eden_chunk_array[19]=0x00000006de5822c0
[56.057s][trace][gc,heap        ] GC(30) _eden_chunk_array[20]=0x00000006deff2ec0
[56.057s][trace][gc,heap        ] GC(30) _eden_chunk_array[21]=0x00000006dfa63ac0
[56.057s][trace][gc,heap        ] GC(30) _eden_chunk_array[22]=0x00000006e04d46c0
[56.057s][trace][gc,heap        ] GC(30) _eden_chunk_array[23]=0x00000006e0f452c0
[56.057s][trace][gc,heap        ] GC(30) _eden_chunk_array[24]=0x00000006e1490000
[56.057s][trace][gc,heap        ] GC(30) survivor 0x00000006e1490000-0x00000006e43510a0-0x00000006e5710000(69730304)
[56.057s][trace][gc,heap        ] GC(30) _survivor_chunk_index=0, _survivor_chunk_capacity=34048
[56.060s][info ][gc             ] GC(30) Pause Remark 4009M->4009M(4029M) 2.736ms
[56.060s][info ][gc,cpu         ] GC(30) User=0.02s Sys=0.00s Real=0.00s
[56.060s][info ][gc             ] GC(30) Concurrent Sweep
[56.069s][info ][gc             ] GC(30) Concurrent Sweep 9.455ms
[56.069s][info ][gc,cpu         ] GC(30) User=0.01s Sys=0.00s Real=0.01s
[56.069s][info ][gc             ] GC(30) Concurrent Reset
[56.070s][info ][gc             ] GC(30) Concurrent Reset 0.869ms
[56.070s][info ][gc,cpu         ] GC(30) User=0.00s Sys=0.00s Real=0.00s
[56.070s][info ][gc,heap        ] GC(30) Old: 3512764K->3512764K(3512768K)