[2023-09-22T16:53:57.441+0800][gc,heap     ] GC(3127) Heap before GC invocations=3108 (full 0):
[2023-09-22T16:53:57.441+0800][gc,heap     ] GC(3127)  garbage-first heap   total 2097152K, used 1204723K [0x0000000740000000, 0x00000007c0000000)
[2023-09-22T16:53:57.441+0800][gc,heap     ] GC(3127)   region size 1024K, 102 young (104448K), 7 survivors (7168K)
[2023-09-22T16:53:57.441+0800][gc,heap     ] GC(3127)  Metaspace       used 638399K, committed 644736K, reserved 1613824K
[2023-09-22T16:53:57.441+0800][gc,heap     ] GC(3127)   class space    used 81926K, committed 84800K, reserved 1048576K
[2023-09-22T16:53:57.441+0800][gc,start    ] GC(3127) Pause Young (Mixed) (G1 Evacuation Pause)
[2023-09-22T16:53:57.441+0800][gc,task     ] GC(3127) Using 8 workers of 8 for evacuation
[2023-09-22T16:53:57.451+0800][gc,phases   ] GC(3127)   Pre Evacuate Collection Set: 0.4ms
[2023-09-22T16:53:57.451+0800][gc,phases   ] GC(3127)     Prepare TLABs: 0.0ms
[2023-09-22T16:53:57.451+0800][gc,phases   ] GC(3127)     Concatenate Dirty Card Logs: 0.0ms
[2023-09-22T16:53:57.451+0800][gc,phases   ] GC(3127)     Choose Collection Set: 0.1ms
[2023-09-22T16:53:57.451+0800][gc,phases   ] GC(3127)     Region Register: 0.2ms
[2023-09-22T16:53:57.451+0800][gc,phases   ] GC(3127)     Prepare Heap Roots: 0.0ms
[2023-09-22T16:53:57.451+0800][gc,phases   ] GC(3127)   Merge Heap Roots: 0.3ms
[2023-09-22T16:53:57.451+0800][gc,phases   ] GC(3127)     Prepare Merge Heap Roots: 0.0ms
[2023-09-22T16:53:57.451+0800][gc,phases   ] GC(3127)     Eager Reclaim (ms):            Min:  0.0, Avg:  0.0, Max:  0.0, Diff:  0.0, Sum:  0.0, Workers: 1
[2023-09-22T16:53:57.451+0800][gc,phases   ] GC(3127)     Remembered Sets (ms):          Min:  0.1, Avg:  0.1, Max:  0.1, Diff:  0.0, Sum:  0.6, Workers: 8
[2023-09-22T16:53:57.451+0800][gc,phases   ] GC(3127)       Merged Sparse:                 Min: 32, Avg: 80.0, Max: 142, Diff: 110, Sum: 640, Workers: 8
[2023-09-22T16:53:57.451+0800][gc,phases   ] GC(3127)       Merged Fine:                   Min: 2, Avg:  7.2, Max: 16, Diff: 14, Sum: 58, Workers: 8
[2023-09-22T16:53:57.451+0800][gc,phases   ] GC(3127)       Merged Coarse:                 Min: 0, Avg:  0.0, Max: 0, Diff: 0, Sum: 0, Workers: 8
[2023-09-22T16:53:57.451+0800][gc,phases   ] GC(3127)       Dirty Cards:                   Min: 38, Avg: 169.9, Max: 319, Diff: 281, Sum: 1359, Workers: 8
[2023-09-22T16:53:57.451+0800][gc,phases   ] GC(3127)     Hot Card Cache (ms):           Min:  0.0, Avg:  0.0, Max:  0.0, Diff:  0.0, Sum:  0.0, Workers: 8
[2023-09-22T16:53:57.451+0800][gc,phases   ] GC(3127)       Dirty Cards:                   Min: 0, Avg:  0.0, Max: 0, Diff: 0, Sum: 0, Workers: 8
[2023-09-22T16:53:57.451+0800][gc,phases   ] GC(3127)       Skipped Cards:                 Min: 0, Avg:  0.0, Max: 0, Diff: 0, Sum: 0, Workers: 8
[2023-09-22T16:53:57.451+0800][gc,phases   ] GC(3127)     Log Buffers (ms):              Min:  0.1, Avg:  0.1, Max:  0.2, Diff:  0.0, Sum:  1.0, Workers: 8
[2023-09-22T16:53:57.451+0800][gc,phases   ] GC(3127)       Dirty Cards:                   Min: 94, Avg: 918.9, Max: 1506, Diff: 1412, Sum: 7351, Workers: 8
[2023-09-22T16:53:57.451+0800][gc,phases   ] GC(3127)       Skipped Cards:                 Min: 3, Avg: 10.8, Max: 20, Diff: 17, Sum: 86, Workers: 8
[2023-09-22T16:53:57.451+0800][gc,phases   ] GC(3127)   Evacuate Collection Set: 7.6ms
[2023-09-22T16:53:57.451+0800][gc,phases   ] GC(3127)     Ext Root Scanning (ms):        Min:  0.2, Avg:  1.4, Max:  4.6, Diff:  4.4, Sum: 11.1, Workers: 8
[2023-09-22T16:53:57.452+0800][gc,phases   ] GC(3127)     Scan Heap Roots (ms):          Min:  0.7, Avg:  2.5, Max:  3.2, Diff:  2.5, Sum: 19.7, Workers: 8
[2023-09-22T16:53:57.452+0800][gc,phases   ] GC(3127)       Scanned Cards:                 Min: 421, Avg: 1093.9, Max: 1597, Diff: 1176, Sum: 8751, Workers: 8
[2023-09-22T16:53:57.452+0800][gc,phases   ] GC(3127)       Scanned Blocks:                Min: 175, Avg: 622.9, Max: 841, Diff: 666, Sum: 4983, Workers: 8
[2023-09-22T16:53:57.452+0800][gc,phases   ] GC(3127)       Claimed Chunks:                Min: 109, Avg: 438.9, Max: 589, Diff: 480, Sum: 3511, Workers: 8
[2023-09-22T16:53:57.452+0800][gc,phases   ] GC(3127)     Code Root Scan (ms):           Min:  0.0, Avg:  0.0, Max:  0.0, Diff:  0.0, Sum:  0.1, Workers: 8
[2023-09-22T16:53:57.452+0800][gc,phases   ] GC(3127)     Object Copy (ms):              Min:  2.2, Avg:  3.5, Max:  4.5, Diff:  2.4, Sum: 27.7, Workers: 8
[2023-09-22T16:53:57.452+0800][gc,phases   ] GC(3127)     Termination (ms):              Min:  0.1, Avg:  0.1, Max:  0.1, Diff:  0.0, Sum:  1.0, Workers: 8
[2023-09-22T16:53:57.452+0800][gc,phases   ] GC(3127)       Termination Attempts:          Min: 1, Avg:  1.0, Max: 1, Diff: 0, Sum: 8, Workers: 8
[2023-09-22T16:53:57.452+0800][gc,phases   ] GC(3127)     GC Worker Other (ms):          Min:  0.0, Avg:  0.1, Max:  0.1, Diff:  0.1, Sum:  0.5, Workers: 8
[2023-09-22T16:53:57.452+0800][gc,phases   ] GC(3127)     GC Worker Total (ms):          Min:  7.0, Avg:  7.5, Max:  7.6, Diff:  0.6, Sum: 60.2, Workers: 8
[2023-09-22T16:53:57.452+0800][gc,phases   ] GC(3127)   Post Evacuate Collection Set: 1.3ms
[2023-09-22T16:53:57.452+0800][gc,phases   ] GC(3127)     Code Roots Fixup: 0.0ms
[2023-09-22T16:53:57.452+0800][gc,phases   ] GC(3127)     Reference Processing: 0.2ms
[2023-09-22T16:53:57.452+0800][gc,phases   ] GC(3127)     Weak Processing: 0.6ms
[2023-09-22T16:53:57.452+0800][gc,phases   ] GC(3127)       VM Weak                        Min:  0.0, Avg:  0.0, Max:  0.0, Diff:  0.0, Sum:  0.0, Workers: 8
[2023-09-22T16:53:57.452+0800][gc,phases   ] GC(3127)         Dead                           Min: 0, Avg:  0.0, Max: 0, Diff: 0, Sum: 0, Workers: 8
[2023-09-22T16:53:57.452+0800][gc,phases   ] GC(3127)         Total                          Min: 0, Avg: 495.0, Max: 1399, Diff: 1399, Sum: 3960, Workers: 8
[2023-09-22T16:53:57.452+0800][gc,phases   ] GC(3127)       ObjectSynchronizer Weak        Min:  0.0, Avg:  0.0, Max:  0.1, Diff:  0.1, Sum:  0.3, Workers: 8
[2023-09-22T16:53:57.452+0800][gc,phases   ] GC(3127)         Dead                           Min: 0, Avg:  0.0, Max: 0, Diff: 0, Sum: 0, Workers: 8
[2023-09-22T16:53:57.452+0800][gc,phases   ] GC(3127)         Total                          Min: 0, Avg: 4024.9, Max: 6848, Diff: 6848, Sum: 32199, Workers: 8
[2023-09-22T16:53:57.452+0800][gc,phases   ] GC(3127)       JVMTI Tag Weak OopStorage      Min:  0.0, Avg:  0.0, Max:  0.0, Diff:  0.0, Sum:  0.0, Workers: 8
[2023-09-22T16:53:57.452+0800][gc,phases   ] GC(3127)         Dead                           Min: 0, Avg:  0.0, Max: 0, Diff: 0, Sum: 0, Workers: 8
[2023-09-22T16:53:57.452+0800][gc,phases   ] GC(3127)         Total                          Min: 0, Avg:  0.0, Max: 0, Diff: 0, Sum: 0, Workers: 8
[2023-09-22T16:53:57.452+0800][gc,phases   ] GC(3127)       StringTable Weak               Min:  0.4, Avg:  0.4, Max:  0.4, Diff:  0.1, Sum:  3.4, Workers: 8
[2023-09-22T16:53:57.452+0800][gc,phases   ] GC(3127)         Dead                           Min: 0, Avg:  0.1, Max: 1, Diff: 1, Sum: 1, Workers: 8
[2023-09-22T16:53:57.452+0800][gc,phases   ] GC(3127)         Total                          Min: 23743, Avg: 34735.5, Max: 45247, Diff: 21504, Sum: 277884, Workers: 8
[2023-09-22T16:53:57.452+0800][gc,phases   ] GC(3127)       ResolvedMethodTable Weak       Min:  0.1, Avg:  0.1, Max:  0.1, Diff:  0.0, Sum:  0.5, Workers: 8
[2023-09-22T16:53:57.452+0800][gc,phases   ] GC(3127)         Dead                           Min: 0, Avg:  0.0, Max: 0, Diff: 0, Sum: 0, Workers: 8
[2023-09-22T16:53:57.452+0800][gc,phases   ] GC(3127)         Total                          Min: 2935, Avg: 4077.6, Max: 4990, Diff: 2055, Sum: 32621, Workers: 8
[2023-09-22T16:53:57.452+0800][gc,phases   ] GC(3127)       JNI Weak                       Min:  0.0, Avg:  0.0, Max:  0.0, Diff:  0.0, Sum:  0.1, Workers: 8
[2023-09-22T16:53:57.452+0800][gc,phases   ] GC(3127)         Dead                           Min: 0, Avg: 11.6, Max: 29, Diff: 29, Sum: 93, Workers: 8
[2023-09-22T16:53:57.452+0800][gc,phases   ] GC(3127)         Total                          Min: 147, Avg: 249.5, Max: 430, Diff: 283, Sum: 1996, Workers: 8
[2023-09-22T16:53:57.452+0800][gc,phases   ] GC(3127)       StringDedup Table Weak         Min:  0.0, Avg:  0.0, Max:  0.0, Diff:  0.0, Sum:  0.0, Workers: 8
[2023-09-22T16:53:57.452+0800][gc,phases   ] GC(3127)         Dead                           Min: 0, Avg:  0.0, Max: 0, Diff: 0, Sum: 0, Workers: 8
[2023-09-22T16:53:57.452+0800][gc,phases   ] GC(3127)         Total                          Min: 0, Avg:  0.0, Max: 0, Diff: 0, Sum: 0, Workers: 8
[2023-09-22T16:53:57.452+0800][gc,phases   ] GC(3127)       StringDedup Requests0 Weak     Min:  0.0, Avg:  0.0, Max:  0.0, Diff:  0.0, Sum:  0.0, Workers: 8
[2023-09-22T16:53:57.452+0800][gc,phases   ] GC(3127)         Dead                           Min: 0, Avg:  0.0, Max: 0, Diff: 0, Sum: 0, Workers: 8
[2023-09-22T16:53:57.452+0800][gc,phases   ] GC(3127)         Total                          Min: 0, Avg:  0.0, Max: 0, Diff: 0, Sum: 0, Workers: 8
[2023-09-22T16:53:57.452+0800][gc,phases   ] GC(3127)       StringDedup Requests1 Weak     Min:  0.0, Avg:  0.0, Max:  0.0, Diff:  0.0, Sum:  0.0, Workers: 8
[2023-09-22T16:53:57.452+0800][gc,phases   ] GC(3127)         Dead                           Min: 0, Avg:  0.0, Max: 0, Diff: 0, Sum: 0, Workers: 8
[2023-09-22T16:53:57.452+0800][gc,phases   ] GC(3127)         Total                          Min: 0, Avg:  0.0, Max: 0, Diff: 0, Sum: 0, Workers: 8
[2023-09-22T16:53:57.452+0800][gc,phases   ] GC(3127)       Weak JFR Old Object Samples    Min:  0.0, Avg:  0.0, Max:  0.0, Diff:  0.0, Sum:  0.0, Workers: 8
[2023-09-22T16:53:57.452+0800][gc,phases   ] GC(3127)         Dead                           Min: 0, Avg:  0.0, Max: 0, Diff: 0, Sum: 0, Workers: 8
[2023-09-22T16:53:57.452+0800][gc,phases   ] GC(3127)         Total                          Min: 0, Avg:  0.0, Max: 0, Diff: 0, Sum: 0, Workers: 8
[2023-09-22T16:53:57.452+0800][gc,phases   ] GC(3127)     Post Evacuate Cleanup 1: 0.1ms
[2023-09-22T16:53:57.452+0800][gc,phases   ] GC(3127)       Merge Per-Thread State (ms):   Min:  0.0, Avg:  0.0, Max:  0.0, Diff:  0.0, Sum:  0.0, Workers: 1
[2023-09-22T16:53:57.452+0800][gc,phases   ] GC(3127)         Copied Bytes                   Min: 683832, Avg: 1538192.0, Max: 3494272, Diff: 2810440, Sum: 12305536, Workers: 8
[2023-09-22T16:53:57.452+0800][gc,phases   ] GC(3127)         LAB Waste                      Min: 40, Avg: 5854.0, Max: 19144, Diff: 19104, Sum: 46832, Workers: 8
[2023-09-22T16:53:57.452+0800][gc,phases   ] GC(3127)         LAB Undo Waste                 Min: 0, Avg:  0.0, Max: 0, Diff: 0, Sum: 0, Workers: 8
[2023-09-22T16:53:57.452+0800][gc,phases   ] GC(3127)       Clear Logged Cards (ms):       Min:  0.0, Avg:  0.0, Max:  0.1, Diff:  0.1, Sum:  0.1, Workers: 3
[2023-09-22T16:53:57.452+0800][gc,phases   ] GC(3127)       Recalculate Used Memory (ms):  Min:  0.0, Avg:  0.0, Max:  0.0, Diff:  0.0, Sum:  0.0, Workers: 1
[2023-09-22T16:53:57.452+0800][gc,phases   ] GC(3127)     Post Evacuate Cleanup 2: 0.3ms
[2023-09-22T16:53:57.452+0800][gc,phases   ] GC(3127)       Reset Hot Card Cache (ms):     Min:  0.0, Avg:  0.0, Max:  0.0, Diff:  0.0, Sum:  0.0, Workers: 1
[2023-09-22T16:53:57.452+0800][gc,phases   ] GC(3127)       Purge Code Roots (ms):         Min:  0.0, Avg:  0.0, Max:  0.0, Diff:  0.0, Sum:  0.0, Workers: 1
[2023-09-22T16:53:57.452+0800][gc,phases   ] GC(3127)       Update Derived Pointers (ms):  Min:  0.2, Avg:  0.2, Max:  0.2, Diff:  0.0, Sum:  0.2, Workers: 1
[2023-09-22T16:53:57.452+0800][gc,phases   ] GC(3127)       Eagerly Reclaim Humongous Objects (ms): Min:  0.0, Avg:  0.0, Max:  0.0, Diff:  0.0, Sum:  0.0, Workers: 1
[2023-09-22T16:53:57.452+0800][gc,phases   ] GC(3127)         Humongous Total                Min: 28, Avg: 28.0, Max: 28, Diff: 0, Sum: 28, Workers: 1
[2023-09-22T16:53:57.452+0800][gc,phases   ] GC(3127)         Humongous Candidates           Min: 27, Avg: 27.0, Max: 27, Diff: 0, Sum: 27, Workers: 1
[2023-09-22T16:53:57.452+0800][gc,phases   ] GC(3127)         Humongous Reclaimed            Min: 0, Avg:  0.0, Max: 0, Diff: 0, Sum: 0, Workers: 1
[2023-09-22T16:53:57.452+0800][gc,phases   ] GC(3127)       Redirty Logged Cards (ms):     Min:  0.0, Avg:  0.0, Max:  0.0, Diff:  0.0, Sum:  0.1, Workers: 8
[2023-09-22T16:53:57.452+0800][gc,phases   ] GC(3127)         Redirtied Cards:               Min: 0, Avg: 522.8, Max: 1851, Diff: 1851, Sum: 4182, Workers: 8
[2023-09-22T16:53:57.452+0800][gc,phases   ] GC(3127)       Free Collection Set (ms):      Min:  0.0, Avg:  0.1, Max:  0.2, Diff:  0.2, Sum:  0.9, Workers: 8
[2023-09-22T16:53:57.452+0800][gc,phases   ] GC(3127)     Rebuild Free List: 0.1ms
[2023-09-22T16:53:57.452+0800][gc,phases   ] GC(3127)     Start New Collection Set: 0.0ms
[2023-09-22T16:53:57.452+0800][gc,phases   ] GC(3127)     Resize TLABs: 0.0ms
[2023-09-22T16:53:57.452+0800][gc,phases   ] GC(3127)     Expand Heap After Collection: 0.0ms
[2023-09-22T16:53:57.452+0800][gc,phases   ] GC(3127)   Other: 0.3ms
[2023-09-22T16:53:57.452+0800][gc,heap     ] GC(3127) Eden regions: 95->0(94)
[2023-09-22T16:53:57.452+0800][gc,heap     ] GC(3127)  Used: 0K, Waste: 0K
[2023-09-22T16:53:57.452+0800][gc,heap     ] GC(3127) Survivor regions: 7->8(13)
[2023-09-22T16:53:57.452+0800][gc,heap     ] GC(3127)  Used: 8137K, Waste: 54K
[2023-09-22T16:53:57.452+0800][gc,heap     ] GC(3127) Old regions: 1026->827
[2023-09-22T16:53:57.452+0800][gc,heap     ] GC(3127)  Used: 846638K, Waste: 210K
[2023-09-22T16:53:57.452+0800][gc,heap     ] GC(3127) Archive regions: 0->0
[2023-09-22T16:53:57.452+0800][gc,heap     ] GC(3127)  Used: 0K, Waste: 0K
[2023-09-22T16:53:57.452+0800][gc,heap     ] GC(3127) Humongous regions: 50->50
[2023-09-22T16:53:57.452+0800][gc,heap     ] GC(3127)  Used: 51200K, Waste: 0K
[2023-09-22T16:53:57.452+0800][gc,metaspace] GC(3127) Metaspace: 638399K(644736K)->638399K(644736K) NonClass: 556473K(559936K)->556473K(559936K) Class: 81926K(84800K)->81926K(84800K)
[2023-09-22T16:53:57.452+0800][gc,heap     ] GC(3127) Heap after GC invocations=3109 (full 0):
[2023-09-22T16:53:57.452+0800][gc,heap     ] GC(3127)  garbage-first heap   total 2097152K, used 905975K [0x0000000740000000, 0x00000007c0000000)
[2023-09-22T16:53:57.452+0800][gc,heap     ] GC(3127)   region size 1024K, 8 young (8192K), 8 survivors (8192K)
[2023-09-22T16:53:57.452+0800][gc,heap     ] GC(3127)  Metaspace       used 638399K, committed 644736K, reserved 1613824K
[2023-09-22T16:53:57.452+0800][gc,heap     ] GC(3127)   class space    used 81926K, committed 84800K, reserved 1048576K
[2023-09-22T16:53:57.452+0800][gc          ] GC(3127) Pause Young (Mixed) (G1 Evacuation Pause) 1177M->884M(2048M) 10.885ms
[2023-09-22T16:53:57.452+0800][gc,cpu      ] GC(3127) User=0.05s Sys=0.01s Real=0.01s