OpenJDK 64-Bit Server VM (25.322-b06) for bsd-aarch64 JRE (1.8.0_322-b06), built on Jan 19 2022 05:50:08 by "re" with gcc Apple LLVM 12.0.0 (clang-1200.0.32.28)
Memory: 16k page, physical 16777216k(69472k free)

/proc/meminfo:

CommandLine flags: -XX:InitialHeapSize=268435456 -XX:MaxHeapSize=4294967296 -XX:+PrintGC -XX:+PrintGCDateStamps -XX:+PrintGCDetails -XX:+PrintGCTimeStamps -XX:+UseCompressedClassPointers -XX:+UseCompressedOops -XX:+UseG1GC
2024-01-02T18:35:11.712+0800: 1.083: [Full GC (System.gc())  12875K->772K(8192K), 0.0132418 secs]
   [Eden: 13312.0K(24576.0K)->0.0B(4096.0K) Survivors: 0.0B->0.0B Heap: 12875.4K(256.0M)->772.4K(8192.0K)], [Metaspace: 4179K->4179K(1056768K)]
 [Times: user=0.01 sys=0.00, real=0.01 secs]
2024-01-02T18:35:12.189+0800: 1.559: [GC pause (G1 Evacuation Pause) (young), 0.0015160 secs]
   [Parallel Time: 0.7 ms, GC Workers: 8]
      [GC Worker Start (ms): Min: 1559.6, Avg: 1559.9, Max: 1560.2, Diff: 0.6]
      [Ext Root Scanning (ms): Min: 0.0, Avg: 0.2, Max: 0.4, Diff: 0.4, Sum: 1.4]
      [Update RS (ms): Min: 0.0, Avg: 0.0, Max: 0.0, Diff: 0.0, Sum: 0.0]
         [Processed Buffers: Min: 0, Avg: 0.0, Max: 0, Diff: 0, Sum: 0]
      [Scan RS (ms): Min: 0.0, Avg: 0.0, Max: 0.0, Diff: 0.0, Sum: 0.0]
      [Code Root Scanning (ms): Min: 0.0, Avg: 0.0, Max: 0.0, Diff: 0.0, Sum: 0.0]
      [Object Copy (ms): Min: 0.0, Avg: 0.0, Max: 0.1, Diff: 0.1, Sum: 0.3]
      [Termination (ms): Min: 0.0, Avg: 0.1, Max: 0.1, Diff: 0.1, Sum: 0.6]
         [Termination Attempts: Min: 1, Avg: 1.0, Max: 1, Diff: 0, Sum: 8]
      [GC Worker Other (ms): Min: 0.0, Avg: 0.0, Max: 0.0, Diff: 0.0, Sum: 0.2]
      [GC Worker Total (ms): Min: 0.0, Avg: 0.3, Max: 0.6, Diff: 0.6, Sum: 2.5]
      [GC Worker End (ms): Min: 1560.2, Avg: 1560.2, Max: 1560.2, Diff: 0.0]
   [Code Root Fixup: 0.0 ms]
   [Code Root Purge: 0.0 ms]
   [Clear CT: 0.2 ms]
   [Other: 0.6 ms]
      [Choose CSet: 0.0 ms]
      [Ref Proc: 0.2 ms]
      [Ref Enq: 0.0 ms]
      [Redirty Cards: 0.2 ms]
      [Humongous Register: 0.0 ms]
      [Humongous Reclaim: 0.0 ms]
      [Free CSet: 0.0 ms]
   [Eden: 4096.0K(4096.0K)->0.0B(4096.0K) Survivors: 0.0B->0.0B Heap: 4868.4K(8192.0K)->772.4K(8192.0K)]
 [Times: user=0.00 sys=0.00, real=0.01 secs]