[2023-09-25T15:10:58.600+0800][gc,heap     ] GC(0) Heap before GC invocations=0 (full 0):
[2023-09-25T15:10:58.600+0800][gc,heap     ] GC(0)  ZHeap           used 88M, capacity 128M, max capacity 2048M
[2023-09-25T15:10:58.600+0800][gc,heap     ] GC(0)  Metaspace       used 21237K, committed 21568K, reserved 1073152K
[2023-09-25T15:10:58.600+0800][gc,heap     ] GC(0)   class space    used 2023K, committed 2176K, reserved 1048576K
[2023-09-25T15:10:58.600+0800][gc,start    ] GC(0) Garbage Collection (Metadata GC Threshold)
[2023-09-25T15:10:58.600+0800][gc,task     ] GC(0) Using 2 workers
[2023-09-25T15:10:58.600+0800][gc,phases   ] GC(0) Pause Mark Start 0.004ms
[2023-09-25T15:10:58.618+0800][gc,phases   ] GC(0) Concurrent Roots OopStorageSet (ZWorker#1) 0.044ms
[2023-09-25T15:10:58.618+0800][gc,phases   ] GC(0) Concurrent Roots ClassLoaderDataGraph (ZWorker#1) 0.056ms
[2023-09-25T15:10:58.624+0800][gc,phases   ] GC(0) Concurrent Roots JavaThreads (ZWorker#0) 5.904ms
[2023-09-25T15:10:58.624+0800][gc,phases   ] GC(0) Concurrent Roots JavaThreads (ZWorker#1) 6.024ms
[2023-09-25T15:10:58.641+0800][gc,phases   ] GC(0) Concurrent Mark Try Flush (ZWorker#1) 6.213ms
[2023-09-25T15:10:58.645+0800][gc,phases   ] GC(0) Concurrent Mark Try Flush (ZWorker#1) 2.251ms
[2023-09-25T15:10:58.647+0800][gc,phases   ] GC(0) Concurrent Mark Try Terminate (ZWorker#0) 4.270ms
[2023-09-25T15:10:58.648+0800][gc,phases   ] GC(0) Concurrent Mark Try Flush (ZWorker#1) 3.848ms
[2023-09-25T15:10:58.649+0800][gc,phases   ] GC(0) Concurrent Mark Try Terminate (ZWorker#0) 1.314ms
[2023-09-25T15:10:58.649+0800][gc,phases   ] GC(0) Concurrent Mark Try Flush (ZWorker#1) 0.794ms
[2023-09-25T15:10:58.650+0800][gc,phases   ] GC(0) Concurrent Mark Try Terminate (ZWorker#0) 1.255ms
[2023-09-25T15:10:58.651+0800][gc,phases   ] GC(0) Concurrent Mark Try Terminate (ZWorker#0) 1.260ms
[2023-09-25T15:10:58.652+0800][gc,phases   ] GC(0) Concurrent Mark Try Flush (ZWorker#1) 2.328ms
[2023-09-25T15:10:58.652+0800][gc,phases   ] GC(0) Concurrent Mark Try Flush (ZWorker#1) 0.220ms
[2023-09-25T15:10:58.652+0800][gc,phases   ] GC(0) Concurrent Mark Try Terminate (ZWorker#1) 0.233ms
[2023-09-25T15:10:58.652+0800][gc,phases   ] GC(0) Concurrent Mark Try Flush (ZWorker#1) 0.090ms
[2023-09-25T15:10:58.652+0800][gc,phases   ] GC(0) Concurrent Mark Try Terminate (ZWorker#1) 0.120ms
[2023-09-25T15:10:58.652+0800][gc,phases   ] GC(0) Concurrent Mark Try Terminate (ZWorker#1) 0.000ms
[2023-09-25T15:10:58.652+0800][gc,phases   ] GC(0) Concurrent Mark (ZWorker#1) 27.885ms
[2023-09-25T15:10:58.653+0800][gc,phases   ] GC(0) Concurrent Mark Try Terminate (ZWorker#0) 1.258ms
[2023-09-25T15:10:58.653+0800][gc,phases   ] GC(0) Concurrent Mark (ZWorker#0) 28.668ms
[2023-09-25T15:10:58.653+0800][gc,phases   ] GC(0) Concurrent Mark 34.929ms
[2023-09-25T15:10:58.653+0800][gc,phases   ] GC(0) Pause Mark Try Complete (ZWorker#0) 0.001ms
[2023-09-25T15:10:58.653+0800][gc,phases   ] GC(0) Pause Mark Try Complete (ZWorker#1) 0.001ms
[2023-09-25T15:10:58.653+0800][gc,phases   ] GC(0) Pause Mark End 0.028ms
[2023-09-25T15:10:58.657+0800][gc,phases   ] GC(0) Concurrent Mark Free 0.002ms
[2023-09-25T15:10:58.657+0800][gc,phases   ] GC(0) Concurrent References Process (ZDriver) 0.242ms
[2023-09-25T15:10:58.657+0800][gc,phases   ] GC(0) Concurrent Weak Roots OopStorageSet (ZWorker#0) 0.134ms
[2023-09-25T15:10:58.657+0800][gc,phases   ] GC(0) ClassLoaderData 0.067ms
[2023-09-25T15:10:58.657+0800][gc,phases   ] GC(0) Trigger cleanups 0.004ms
[2023-09-25T15:10:58.659+0800][gc,phases   ] GC(0) Concurrent Classes Unlink (ZDriver) 1.917ms
[2023-09-25T15:10:58.668+0800][gc,phases   ] GC(0) Concurrent Classes Purge (ZDriver) 0.052ms
[2023-09-25T15:10:58.668+0800][gc,phases   ] GC(0) Concurrent References Enqueue (ZDriver) 0.004ms
[2023-09-25T15:10:58.668+0800][gc,phases   ] GC(0) Concurrent Process Non-Strong References 11.385ms
[2023-09-25T15:10:58.668+0800][gc,phases   ] GC(0) Concurrent Reset Relocation Set 0.000ms
[2023-09-25T15:10:58.675+0800][gc,phases   ] GC(0) Concurrent Select Relocation Set 6.958ms
[2023-09-25T15:10:58.675+0800][gc,phases   ] GC(0) Pause Relocate Start 0.005ms
[2023-09-25T15:10:58.688+0800][gc,heap     ] Committing memory: 128M-130M (2M)
[2023-09-25T15:10:58.688+0800][gc,heap     ] Committing memory: 130M-132M (2M)
[2023-09-25T15:10:58.688+0800][gc,heap     ] Committing memory: 134M-136M (2M)
[2023-09-25T15:10:58.688+0800][gc,heap     ] Committing memory: 132M-134M (2M)
[2023-09-25T15:10:58.702+0800][gc,phases   ] GC(0) Concurrent Relocate 6.494ms
[2023-09-25T15:10:58.703+0800][gc,heap     ] GC(0) Heap after GC invocations=1 (full 1):
[2023-09-25T15:10:58.703+0800][gc,heap     ] GC(0)  ZHeap           used 94M, capacity 136M, max capacity 2048M
[2023-09-25T15:10:58.703+0800][gc,heap     ] GC(0)  Metaspace       used 24720K, committed 25088K, reserved 1073152K
[2023-09-25T15:10:58.703+0800][gc,heap     ] GC(0)   class space    used 2467K, committed 2624K, reserved 1048576K
[2023-09-25T15:10:58.703+0800][gc,load     ] GC(0) Load: 1.91/1.79/1.89
[2023-09-25T15:10:58.703+0800][gc,mmu      ] GC(0) MMU: 2ms/98.6%, 5ms/99.4%, 10ms/99.7%, 20ms/99.9%, 50ms/99.9%, 100ms/100.0%
[2023-09-25T15:10:58.703+0800][gc,marking  ] GC(0) Mark: 2 stripe(s), 5 proactive flush(es), 2 terminate flush(es), 1 completion(s), 0 continuation(s)
[2023-09-25T15:10:58.703+0800][gc,marking  ] GC(0) Mark Stack Usage: 32M
[2023-09-25T15:10:58.703+0800][gc,nmethod  ] GC(0) NMethods: 976 registered, 0 unregistered
[2023-09-25T15:10:58.703+0800][gc,metaspace] GC(0) Metaspace: 24M used, 24M committed, 1048M reserved
[2023-09-25T15:10:58.703+0800][gc,ref      ] GC(0) Soft: 3338 encountered, 0 discovered, 0 enqueued
[2023-09-25T15:10:58.703+0800][gc,ref      ] GC(0) Weak: 2291 encountered, 1574 discovered, 1430 enqueued
[2023-09-25T15:10:58.703+0800][gc,ref      ] GC(0) Final: 1 encountered, 0 discovered, 0 enqueued
[2023-09-25T15:10:58.703+0800][gc,ref      ] GC(0) Phantom: 421 encountered, 351 discovered, 127 enqueued
[2023-09-25T15:10:58.703+0800][gc,reloc    ] GC(0) Small Pages: 29 / 58M, Empty: 0M, Relocated: 19M, In-Place: 0
[2023-09-25T15:10:58.703+0800][gc,reloc    ] GC(0) Medium Pages: 1 / 32M, Empty: 0M, Relocated: 0M, In-Place: 0
[2023-09-25T15:10:58.703+0800][gc,reloc    ] GC(0) Large Pages: 0 / 0M, Empty: 0M, Relocated: 0M, In-Place: 0
[2023-09-25T15:10:58.703+0800][gc,reloc    ] GC(0) Forwarding Usage: 5M
[2023-09-25T15:10:58.703+0800][gc,heap     ] GC(0) Min Capacity: 128M(6%)
[2023-09-25T15:10:58.703+0800][gc,heap     ] GC(0) Max Capacity: 2048M(100%)
[2023-09-25T15:10:58.703+0800][gc,heap     ] GC(0) Soft Max Capacity: 2048M(100%)
[2023-09-25T15:10:58.703+0800][gc,heap     ] GC(0)                Mark Start          Mark End        Relocate Start      Relocate End           High               Low
[2023-09-25T15:10:58.703+0800][gc,heap     ] GC(0)  Capacity:      128M (6%)          128M (6%)          128M (6%)          136M (7%)          136M (7%)          128M (6%)
[2023-09-25T15:10:58.703+0800][gc,heap     ] GC(0)      Free:     1958M (96%)        1934M (94%)        1926M (94%)        1954M (95%)        1958M (96%)        1912M (93%)
[2023-09-25T15:10:58.703+0800][gc,heap     ] GC(0)      Used:       90M (4%)          114M (6%)          122M (6%)           94M (5%)          136M (7%)           90M (4%)
[2023-09-25T15:10:58.703+0800][gc,heap     ] GC(0)      Live:         -                23M (1%)           23M (1%)           23M (1%)             -                  -
[2023-09-25T15:10:58.703+0800][gc,heap     ] GC(0) Allocated:         -                24M (1%)           32M (2%)           38M (2%)             -                  -
[2023-09-25T15:10:58.703+0800][gc,heap     ] GC(0)   Garbage:         -                66M (3%)           66M (3%)           31M (2%)             -                  -
[2023-09-25T15:10:58.703+0800][gc,heap     ] GC(0) Reclaimed:         -                  -                 0M (0%)           34M (2%)             -                  -
[2023-09-25T15:10:58.703+0800][gc          ] GC(0) Garbage Collection (Metadata GC Threshold) 90M(4%)->94M(5%)
[2023-09-25T15:10:58.824+0800][gc,heap     ] Committing memory: 136M-168M (32M)
[2023-09-25T15:10:58.889+0800][gc,heap     ] Committing memory: 168M-170M (2M)
[2023-09-25T15:10:58.892+0800][gc,heap     ] Committing memory: 170M-172M (2M)
[2023-09-25T15:10:58.894+0800][gc,heap     ] Committing memory: 172M-174M (2M)
[2023-09-25T15:10:58.896+0800][gc,heap     ] Committing memory: 174M-176M (2M)
[2023-09-25T15:10:58.898+0800][gc,heap     ] Committing memory: 176M-178M (2M)
[2023-09-25T15:10:58.900+0800][gc,heap     ] Committing memory: 178M-180M (2M)
[2023-09-25T15:10:58.905+0800][gc,heap     ] Committing memory: 180M-182M (2M)
[2023-09-25T15:10:58.909+0800][gc,heap     ] Committing memory: 182M-184M (2M)
[2023-09-25T15:10:58.915+0800][gc,heap     ] Committing memory: 184M-186M (2M)
[2023-09-25T15:10:58.920+0800][gc,heap     ] Committing memory: 186M-188M (2M)